6 block(s) found.
Block Leader: 0x10010000, Size: 1
Block Leader: 0x10010004, Size: 6
Block Leader: 0x1001001C, Size: 5
Block Leader: 0x10010030, Size: 6
Block Leader: 0x10010048, Size: 5
Block Leader: 0x1001005C, Size: 6

Edges:
0x10010000 --> 0x10010004
0x10010004 --> 0x1001001C
0x10010004 --> 0x1001005C
0x1001001C --> 0x10010030
0x10010030 --> 0x10010048
0x10010048 --> 0x1001005C

Dominator Bit Vectors:
0000 0000 0000 0000 0000 0000 0000 0001 
0000 0000 0000 0000 0000 0000 0000 0011 
0000 0000 0000 0000 0000 0000 0000 0111 
0000 0000 0000 0000 0000 0000 0000 1111 
0000 0000 0000 0000 0000 0000 0001 1111 
0000 0000 0000 0000 0000 0000 0010 0011 
