5 block(s) found.
Block Leader: 0x10010000, Size: 2
Block Leader: 0x10010008, Size: 1
Block Leader: 0x1001000C, Size: 1
Block Leader: 0x10010010, Size: 2
Block Leader: 0x10010018, Size: 1

Edges:
0x10010000 --> 0x10010008
0x10010000 --> 0x10010010
0x10010008 --> 0x1001000C
0x10010008 --> 0x10010010
0x1001000C --> 0x10010010
0x10010010 --> 0x10010010
0x10010010 --> 0x10010018

Dominator Bit Vectors:
0000 0000 0000 0000 0000 0000 0000 0001 
0000 0000 0000 0000 0000 0000 0000 0011 
0000 0000 0000 0000 0000 0000 0000 0111 
0000 0000 0000 0000 0000 0000 0000 1001 
0000 0000 0000 0000 0000 0000 0001 1001 
