3 block(s) found.
Block Leader: 0x10010000, Size: 3
Block Leader: 0x1001000C, Size: 2
Block Leader: 0x10010014, Size: 3

Edges:
0x10010000 --> 0x10010014
0x1001000C --> 0x10010014

Dominator Bit Vectors:
0000 0000 0000 0000 0000 0000 0000 0001 
0000 0000 0000 0000 0000 0000 0000 0111 
0000 0000 0000 0000 0000 0000 0000 0101 
